// Jest Snapshot v1, https://goo.gl/fbAQLP

exports[`should render DashboardPage correctly 1`] = `
<div>
  <div
    className="content-container"
  >
    First time here? Make sure to set up your 
    <Link
      replace={false}
      to="/profile"
    >
      profile
    </Link>
  </div>
  <Connect(AreaList) />
</div>
`;
